------------------------------------------------------------
Timing Analyzer Summary
------------------------------------------------------------

Type  : Slow 1100mV 85C Model Setup 'clk'
Slack : 0.053
TNS   : 0.000

Type  : Slow 1100mV 85C Model Hold 'clk'
Slack : 3.722
TNS   : 0.000

Type  : Slow 1100mV 85C Model Minimum Pulse Width 'clk'
Slack : 3.626
TNS   : 0.000

Type  : Slow 1100mV 0C Model Setup 'clk'
Slack : 0.455
TNS   : 0.000

Type  : Slow 1100mV 0C Model Hold 'clk'
Slack : 3.532
TNS   : 0.000

Type  : Slow 1100mV 0C Model Minimum Pulse Width 'clk'
Slack : 3.575
TNS   : 0.000

Type  : Fast 1100mV 85C Model Setup 'clk'
Slack : 3.318
TNS   : 0.000

Type  : Fast 1100mV 85C Model Hold 'clk'
Slack : 2.540
TNS   : 0.000

Type  : Fast 1100mV 85C Model Minimum Pulse Width 'clk'
Slack : 3.530
TNS   : 0.000

Type  : Fast 1100mV 0C Model Setup 'clk'
Slack : 3.709
TNS   : 0.000

Type  : Fast 1100mV 0C Model Hold 'clk'
Slack : 2.618
TNS   : 0.000

Type  : Fast 1100mV 0C Model Minimum Pulse Width 'clk'
Slack : 3.503
TNS   : 0.000

------------------------------------------------------------
